// Jest Snapshot v1, https://goo.gl/fbAQLP

exports[`App component renders App 1`] = `
<BrowserRouter>
  <Header />
  <Route
    component={[Function]}
    exact={true}
    path="/"
  />
  <Route
    component={[Function]}
    path="/:movie_id"
  />
  <Route
    component={[Function]}
    path="/:movie_id"
  />
  <Footer />
</BrowserRouter>
`;
